[   66012ms] Uncaught Error: Value is null
    at f (https://unpkg.com/lightweight-charts@4.2.0/dist/lightweight-charts.standalone.production.js:6:2212)
    at Candlestick (https://unpkg.com/lightweight-charts@4.2.0/dist/lightweight-charts.standalone.production.js:6:46283)
    at Hs (https://unpkg.com/lightweight-charts@4.2.0/dist/lightweight-charts.standalone.production.js:6:47531)
    at ne (https://unpkg.com/lightweight-charts@4.2.0/dist/lightweight-charts.standalone.production.js:6:30743)
    at <anonymous> (https://unpkg.com/lightweight-charts@4.2.0/dist/lightweight-charts.standalone.production.js:6:27092)
    at qs (https://unpkg.com/lightweight-charts@4.2.0/dist/lightweight-charts.standalone.production.js:6:27079)
    at Fs (https://unpkg.com/lightweight-charts@4.2.0/dist/lightweight-charts.standalone.production.js:6:24555)
    at gt (https://unpkg.com/lightweight-charts@4.2.0/dist/lightweight-charts.standalone.production.js:6:24390)
    at ms (https://unpkg.com/lightweight-charts@4.2.0/dist/lightweight-charts.standalone.production.js:6:107028)
    at gm (https://unpkg.com/lightweight-charts@4.2.0/dist/lightweight-charts.standalone.production.js:6:128830)
    at dm (https://unpkg.com/lightweight-charts@4.2.0/dist/lightweight-charts.standalone.production.js:6:128672)
    at fp (https://unpkg.com/lightweight-charts@4.2.0/dist/lightweight-charts.standalone.production.js:6:127898)
    at fp (https://unpkg.com/lightweight-charts@4.2.0/dist/lightweight-charts.standalone.production.js:6:140944)
    at pb (https://unpkg.com/lightweight-charts@4.2.0/dist/lightweight-charts.standalone.production.js:6:144421)
    at <anonymous> (https://unpkg.com/lightweight-charts@4.2.0/dist/lightweight-charts.standalone.production.js:6:144919)
[   66014ms] Uncaught Error: Value is null
    at f (https://unpkg.com/lightweight-charts@4.2.0/dist/lightweight-charts.standalone.production.js:6:2212)
    at Line (https://unpkg.com/lightweight-charts@4.2.0/dist/lightweight-charts.standalone.production.js:6:47223)
    at Hs (https://unpkg.com/lightweight-charts@4.2.0/dist/lightweight-charts.standalone.production.js:6:47531)
    at ne (https://unpkg.com/lightweight-charts@4.2.0/dist/lightweight-charts.standalone.production.js:6:33452)
    at <anonymous> (https://unpkg.com/lightweight-charts@4.2.0/dist/lightweight-charts.standalone.production.js:6:25112)
    at qs (https://unpkg.com/lightweight-charts@4.2.0/dist/lightweight-charts.standalone.production.js:6:25075)
    at Fs (https://unpkg.com/lightweight-charts@4.2.0/dist/lightweight-charts.standalone.production.js:6:24555)
    at gt (https://unpkg.com/lightweight-charts@4.2.0/dist/lightweight-charts.standalone.production.js:6:24390)
    at ms (https://unpkg.com/lightweight-charts@4.2.0/dist/lightweight-charts.standalone.production.js:6:107028)
    at gm (https://unpkg.com/lightweight-charts@4.2.0/dist/lightweight-charts.standalone.production.js:6:128830)
    at dm (https://unpkg.com/lightweight-charts@4.2.0/dist/lightweight-charts.standalone.production.js:6:128672)
    at fp (https://unpkg.com/lightweight-charts@4.2.0/dist/lightweight-charts.standalone.production.js:6:127898)
    at fp (https://unpkg.com/lightweight-charts@4.2.0/dist/lightweight-charts.standalone.production.js:6:140944)
    at pb (https://unpkg.com/lightweight-charts@4.2.0/dist/lightweight-charts.standalone.production.js:6:144421)
    at <anonymous> (https://unpkg.com/lightweight-charts@4.2.0/dist/lightweight-charts.standalone.production.js:6:144919)
[   66023ms] Uncaught Error: Value is null
    at f (https://unpkg.com/lightweight-charts@4.2.0/dist/lightweight-charts.standalone.production.js:6:2212)
    at Candlestick (https://unpkg.com/lightweight-charts@4.2.0/dist/lightweight-charts.standalone.production.js:6:46283)
    at Hs (https://unpkg.com/lightweight-charts@4.2.0/dist/lightweight-charts.standalone.production.js:6:47531)
    at ne (https://unpkg.com/lightweight-charts@4.2.0/dist/lightweight-charts.standalone.production.js:6:30743)
    at <anonymous> (https://unpkg.com/lightweight-charts@4.2.0/dist/lightweight-charts.standalone.production.js:6:27092)
    at qs (https://unpkg.com/lightweight-charts@4.2.0/dist/lightweight-charts.standalone.production.js:6:27079)
    at Fs (https://unpkg.com/lightweight-charts@4.2.0/dist/lightweight-charts.standalone.production.js:6:24555)
    at gt (https://unpkg.com/lightweight-charts@4.2.0/dist/lightweight-charts.standalone.production.js:6:24390)
    at ms (https://unpkg.com/lightweight-charts@4.2.0/dist/lightweight-charts.standalone.production.js:6:107028)
    at gm (https://unpkg.com/lightweight-charts@4.2.0/dist/lightweight-charts.standalone.production.js:6:128830)
    at dm (https://unpkg.com/lightweight-charts@4.2.0/dist/lightweight-charts.standalone.production.js:6:128672)
    at fp (https://unpkg.com/lightweight-charts@4.2.0/dist/lightweight-charts.standalone.production.js:6:127898)
    at fp (https://unpkg.com/lightweight-charts@4.2.0/dist/lightweight-charts.standalone.production.js:6:140944)
    at pb (https://unpkg.com/lightweight-charts@4.2.0/dist/lightweight-charts.standalone.production.js:6:144421)
    at <anonymous> (https://unpkg.com/lightweight-charts@4.2.0/dist/lightweight-charts.standalone.production.js:6:144919)
[   66024ms] Uncaught Error: Value is null
    at f (https://unpkg.com/lightweight-charts@4.2.0/dist/lightweight-charts.standalone.production.js:6:2212)
    at Line (https://unpkg.com/lightweight-charts@4.2.0/dist/lightweight-charts.standalone.production.js:6:47223)
    at Hs (https://unpkg.com/lightweight-charts@4.2.0/dist/lightweight-charts.standalone.production.js:6:47531)
    at ne (https://unpkg.com/lightweight-charts@4.2.0/dist/lightweight-charts.standalone.production.js:6:33452)
    at <anonymous> (https://unpkg.com/lightweight-charts@4.2.0/dist/lightweight-charts.standalone.production.js:6:25112)
    at qs (https://unpkg.com/lightweight-charts@4.2.0/dist/lightweight-charts.standalone.production.js:6:25075)
    at Fs (https://unpkg.com/lightweight-charts@4.2.0/dist/lightweight-charts.standalone.production.js:6:24555)
    at gt (https://unpkg.com/lightweight-charts@4.2.0/dist/lightweight-charts.standalone.production.js:6:24390)
    at ms (https://unpkg.com/lightweight-charts@4.2.0/dist/lightweight-charts.standalone.production.js:6:107028)
    at gm (https://unpkg.com/lightweight-charts@4.2.0/dist/lightweight-charts.standalone.production.js:6:128830)
    at dm (https://unpkg.com/lightweight-charts@4.2.0/dist/lightweight-charts.standalone.production.js:6:128672)
    at fp (https://unpkg.com/lightweight-charts@4.2.0/dist/lightweight-charts.standalone.production.js:6:127898)
    at fp (https://unpkg.com/lightweight-charts@4.2.0/dist/lightweight-charts.standalone.production.js:6:140944)
    at pb (https://unpkg.com/lightweight-charts@4.2.0/dist/lightweight-charts.standalone.production.js:6:144421)
    at <anonymous> (https://unpkg.com/lightweight-charts@4.2.0/dist/lightweight-charts.standalone.production.js:6:144919)
[   66024ms] Uncaught Error: Value is null
    at f (https://unpkg.com/lightweight-charts@4.2.0/dist/lightweight-charts.standalone.production.js:6:2212)
    at Candlestick (https://unpkg.com/lightweight-charts@4.2.0/dist/lightweight-charts.standalone.production.js:6:46283)
    at Hs (https://unpkg.com/lightweight-charts@4.2.0/dist/lightweight-charts.standalone.production.js:6:47531)
    at ne (https://unpkg.com/lightweight-charts@4.2.0/dist/lightweight-charts.standalone.production.js:6:30743)
    at <anonymous> (https://unpkg.com/lightweight-charts@4.2.0/dist/lightweight-charts.standalone.production.js:6:27092)
    at qs (https://unpkg.com/lightweight-charts@4.2.0/dist/lightweight-charts.standalone.production.js:6:27079)
    at Fs (https://unpkg.com/lightweight-charts@4.2.0/dist/lightweight-charts.standalone.production.js:6:24555)
    at gt (https://unpkg.com/lightweight-charts@4.2.0/dist/lightweight-charts.standalone.production.js:6:24390)
    at ms (https://unpkg.com/lightweight-charts@4.2.0/dist/lightweight-charts.standalone.production.js:6:107028)
    at gm (https://unpkg.com/lightweight-charts@4.2.0/dist/lightweight-charts.standalone.production.js:6:128830)
    at dm (https://unpkg.com/lightweight-charts@4.2.0/dist/lightweight-charts.standalone.production.js:6:128672)
    at fp (https://unpkg.com/lightweight-charts@4.2.0/dist/lightweight-charts.standalone.production.js:6:127898)
    at fp (https://unpkg.com/lightweight-charts@4.2.0/dist/lightweight-charts.standalone.production.js:6:140944)
    at pb (https://unpkg.com/lightweight-charts@4.2.0/dist/lightweight-charts.standalone.production.js:6:144421)
    at <anonymous> (https://unpkg.com/lightweight-charts@4.2.0/dist/lightweight-charts.standalone.production.js:6:144919)
[   74443ms] Uncaught Error: Value is null
    at f (https://unpkg.com/lightweight-charts@4.2.0/dist/lightweight-charts.standalone.production.js:6:2212)
    at Candlestick (https://unpkg.com/lightweight-charts@4.2.0/dist/lightweight-charts.standalone.production.js:6:46283)
    at Hs (https://unpkg.com/lightweight-charts@4.2.0/dist/lightweight-charts.standalone.production.js:6:47531)
    at ne (https://unpkg.com/lightweight-charts@4.2.0/dist/lightweight-charts.standalone.production.js:6:30743)
    at <anonymous> (https://unpkg.com/lightweight-charts@4.2.0/dist/lightweight-charts.standalone.production.js:6:27092)
    at qs (https://unpkg.com/lightweight-charts@4.2.0/dist/lightweight-charts.standalone.production.js:6:27079)
    at Fs (https://unpkg.com/lightweight-charts@4.2.0/dist/lightweight-charts.standalone.production.js:6:24555)
    at gt (https://unpkg.com/lightweight-charts@4.2.0/dist/lightweight-charts.standalone.production.js:6:24390)
    at ms (https://unpkg.com/lightweight-charts@4.2.0/dist/lightweight-charts.standalone.production.js:6:107028)
    at gm (https://unpkg.com/lightweight-charts@4.2.0/dist/lightweight-charts.standalone.production.js:6:128830)
    at dm (https://unpkg.com/lightweight-charts@4.2.0/dist/lightweight-charts.standalone.production.js:6:128672)
    at fp (https://unpkg.com/lightweight-charts@4.2.0/dist/lightweight-charts.standalone.production.js:6:127898)
    at fp (https://unpkg.com/lightweight-charts@4.2.0/dist/lightweight-charts.standalone.production.js:6:140944)
    at pb (https://unpkg.com/lightweight-charts@4.2.0/dist/lightweight-charts.standalone.production.js:6:144421)
    at <anonymous> (https://unpkg.com/lightweight-charts@4.2.0/dist/lightweight-charts.standalone.production.js:6:144919)
[   74448ms] Uncaught Error: Value is null
    at f (https://unpkg.com/lightweight-charts@4.2.0/dist/lightweight-charts.standalone.production.js:6:2212)
    at Line (https://unpkg.com/lightweight-charts@4.2.0/dist/lightweight-charts.standalone.production.js:6:47223)
    at Hs (https://unpkg.com/lightweight-charts@4.2.0/dist/lightweight-charts.standalone.production.js:6:47531)
    at ne (https://unpkg.com/lightweight-charts@4.2.0/dist/lightweight-charts.standalone.production.js:6:33452)
    at <anonymous> (https://unpkg.com/lightweight-charts@4.2.0/dist/lightweight-charts.standalone.production.js:6:25112)
    at qs (https://unpkg.com/lightweight-charts@4.2.0/dist/lightweight-charts.standalone.production.js:6:25075)
    at Fs (https://unpkg.com/lightweight-charts@4.2.0/dist/lightweight-charts.standalone.production.js:6:24555)
    at gt (https://unpkg.com/lightweight-charts@4.2.0/dist/lightweight-charts.standalone.production.js:6:24390)
    at ms (https://unpkg.com/lightweight-charts@4.2.0/dist/lightweight-charts.standalone.production.js:6:107028)
    at gm (https://unpkg.com/lightweight-charts@4.2.0/dist/lightweight-charts.standalone.production.js:6:128830)
    at dm (https://unpkg.com/lightweight-charts@4.2.0/dist/lightweight-charts.standalone.production.js:6:128672)
    at fp (https://unpkg.com/lightweight-charts@4.2.0/dist/lightweight-charts.standalone.production.js:6:127898)
    at fp (https://unpkg.com/lightweight-charts@4.2.0/dist/lightweight-charts.standalone.production.js:6:140944)
    at pb (https://unpkg.com/lightweight-charts@4.2.0/dist/lightweight-charts.standalone.production.js:6:144421)
    at <anonymous> (https://unpkg.com/lightweight-charts@4.2.0/dist/lightweight-charts.standalone.production.js:6:144919)
[   74448ms] Uncaught Error: Value is null
    at f (https://unpkg.com/lightweight-charts@4.2.0/dist/lightweight-charts.standalone.production.js:6:2212)
    at Candlestick (https://unpkg.com/lightweight-charts@4.2.0/dist/lightweight-charts.standalone.production.js:6:46283)
    at Hs (https://unpkg.com/lightweight-charts@4.2.0/dist/lightweight-charts.standalone.production.js:6:47531)
    at ne (https://unpkg.com/lightweight-charts@4.2.0/dist/lightweight-charts.standalone.production.js:6:30743)
    at <anonymous> (https://unpkg.com/lightweight-charts@4.2.0/dist/lightweight-charts.standalone.production.js:6:27092)
    at qs (https://unpkg.com/lightweight-charts@4.2.0/dist/lightweight-charts.standalone.production.js:6:27079)
    at Fs (https://unpkg.com/lightweight-charts@4.2.0/dist/lightweight-charts.standalone.production.js:6:24555)
    at gt (https://unpkg.com/lightweight-charts@4.2.0/dist/lightweight-charts.standalone.production.js:6:24390)
    at ms (https://unpkg.com/lightweight-charts@4.2.0/dist/lightweight-charts.standalone.production.js:6:107028)
    at gm (https://unpkg.com/lightweight-charts@4.2.0/dist/lightweight-charts.standalone.production.js:6:128830)
    at dm (https://unpkg.com/lightweight-charts@4.2.0/dist/lightweight-charts.standalone.production.js:6:128672)
    at fp (https://unpkg.com/lightweight-charts@4.2.0/dist/lightweight-charts.standalone.production.js:6:127898)
    at fp (https://unpkg.com/lightweight-charts@4.2.0/dist/lightweight-charts.standalone.production.js:6:140944)
    at pb (https://unpkg.com/lightweight-charts@4.2.0/dist/lightweight-charts.standalone.production.js:6:144421)
    at <anonymous> (https://unpkg.com/lightweight-charts@4.2.0/dist/lightweight-charts.standalone.production.js:6:144919)
[   74448ms] Uncaught Error: Value is null
    at f (https://unpkg.com/lightweight-charts@4.2.0/dist/lightweight-charts.standalone.production.js:6:2212)
    at Line (https://unpkg.com/lightweight-charts@4.2.0/dist/lightweight-charts.standalone.production.js:6:47223)
    at Hs (https://unpkg.com/lightweight-charts@4.2.0/dist/lightweight-charts.standalone.production.js:6:47531)
    at ne (https://unpkg.com/lightweight-charts@4.2.0/dist/lightweight-charts.standalone.production.js:6:33452)
    at <anonymous> (https://unpkg.com/lightweight-charts@4.2.0/dist/lightweight-charts.standalone.production.js:6:25112)
    at qs (https://unpkg.com/lightweight-charts@4.2.0/dist/lightweight-charts.standalone.production.js:6:25075)
    at Fs (https://unpkg.com/lightweight-charts@4.2.0/dist/lightweight-charts.standalone.production.js:6:24555)
    at gt (https://unpkg.com/lightweight-charts@4.2.0/dist/lightweight-charts.standalone.production.js:6:24390)
    at ms (https://unpkg.com/lightweight-charts@4.2.0/dist/lightweight-charts.standalone.production.js:6:107028)
    at gm (https://unpkg.com/lightweight-charts@4.2.0/dist/lightweight-charts.standalone.production.js:6:128830)
    at dm (https://unpkg.com/lightweight-charts@4.2.0/dist/lightweight-charts.standalone.production.js:6:128672)
    at fp (https://unpkg.com/lightweight-charts@4.2.0/dist/lightweight-charts.standalone.production.js:6:127898)
    at fp (https://unpkg.com/lightweight-charts@4.2.0/dist/lightweight-charts.standalone.production.js:6:140944)
    at pb (https://unpkg.com/lightweight-charts@4.2.0/dist/lightweight-charts.standalone.production.js:6:144421)
    at <anonymous> (https://unpkg.com/lightweight-charts@4.2.0/dist/lightweight-charts.standalone.production.js:6:144919)
[   74543ms] Uncaught Error: Value is null
    at f (https://unpkg.com/lightweight-charts@4.2.0/dist/lightweight-charts.standalone.production.js:6:2212)
    at Candlestick (https://unpkg.com/lightweight-charts@4.2.0/dist/lightweight-charts.standalone.production.js:6:46283)
    at Hs (https://unpkg.com/lightweight-charts@4.2.0/dist/lightweight-charts.standalone.production.js:6:47531)
    at ne (https://unpkg.com/lightweight-charts@4.2.0/dist/lightweight-charts.standalone.production.js:6:30743)
    at <anonymous> (https://unpkg.com/lightweight-charts@4.2.0/dist/lightweight-charts.standalone.production.js:6:27092)
    at qs (https://unpkg.com/lightweight-charts@4.2.0/dist/lightweight-charts.standalone.production.js:6:27079)
    at Fs (https://unpkg.com/lightweight-charts@4.2.0/dist/lightweight-charts.standalone.production.js:6:24555)
    at gt (https://unpkg.com/lightweight-charts@4.2.0/dist/lightweight-charts.standalone.production.js:6:24390)
    at ms (https://unpkg.com/lightweight-charts@4.2.0/dist/lightweight-charts.standalone.production.js:6:107028)
    at gm (https://unpkg.com/lightweight-charts@4.2.0/dist/lightweight-charts.standalone.production.js:6:128830)
    at dm (https://unpkg.com/lightweight-charts@4.2.0/dist/lightweight-charts.standalone.production.js:6:128672)
    at fp (https://unpkg.com/lightweight-charts@4.2.0/dist/lightweight-charts.standalone.production.js:6:127898)
    at fp (https://unpkg.com/lightweight-charts@4.2.0/dist/lightweight-charts.standalone.production.js:6:140944)
    at pb (https://unpkg.com/lightweight-charts@4.2.0/dist/lightweight-charts.standalone.production.js:6:144421)
    at <anonymous> (https://unpkg.com/lightweight-charts@4.2.0/dist/lightweight-charts.standalone.production.js:6:144919)
[   75251ms] Uncaught Error: Value is null
    at f (https://unpkg.com/lightweight-charts@4.2.0/dist/lightweight-charts.standalone.production.js:6:2212)
    at Candlestick (https://unpkg.com/lightweight-charts@4.2.0/dist/lightweight-charts.standalone.production.js:6:46283)
    at Hs (https://unpkg.com/lightweight-charts@4.2.0/dist/lightweight-charts.standalone.production.js:6:47531)
    at ne (https://unpkg.com/lightweight-charts@4.2.0/dist/lightweight-charts.standalone.production.js:6:30743)
    at <anonymous> (https://unpkg.com/lightweight-charts@4.2.0/dist/lightweight-charts.standalone.production.js:6:27092)
    at qs (https://unpkg.com/lightweight-charts@4.2.0/dist/lightweight-charts.standalone.production.js:6:27079)
    at Fs (https://unpkg.com/lightweight-charts@4.2.0/dist/lightweight-charts.standalone.production.js:6:24555)
    at gt (https://unpkg.com/lightweight-charts@4.2.0/dist/lightweight-charts.standalone.production.js:6:24390)
    at Cs (https://unpkg.com/lightweight-charts@4.2.0/dist/lightweight-charts.standalone.production.js:6:114569)
    at <anonymous> (https://unpkg.com/lightweight-charts@4.2.0/dist/lightweight-charts.standalone.production.js:6:126899)
    at br (https://unpkg.com/lightweight-charts@4.2.0/dist/lightweight-charts.standalone.production.js:6:127066)
    at Qf (https://unpkg.com/lightweight-charts@4.2.0/dist/lightweight-charts.standalone.production.js:6:125276)
    at $f (https://unpkg.com/lightweight-charts@4.2.0/dist/lightweight-charts.standalone.production.js:6:113659)
    at Gf (https://unpkg.com/lightweight-charts@4.2.0/dist/lightweight-charts.standalone.production.js:6:108846)
[   75251ms] Uncaught Error: Value is null
    at f (https://unpkg.com/lightweight-charts@4.2.0/dist/lightweight-charts.standalone.production.js:6:2212)
    at Candlestick (https://unpkg.com/lightweight-charts@4.2.0/dist/lightweight-charts.standalone.production.js:6:46283)
    at Hs (https://unpkg.com/lightweight-charts@4.2.0/dist/lightweight-charts.standalone.production.js:6:47531)
    at ne (https://unpkg.com/lightweight-charts@4.2.0/dist/lightweight-charts.standalone.production.js:6:30743)
    at <anonymous> (https://unpkg.com/lightweight-charts@4.2.0/dist/lightweight-charts.standalone.production.js:6:27092)
    at qs (https://unpkg.com/lightweight-charts@4.2.0/dist/lightweight-charts.standalone.production.js:6:27079)
    at Fs (https://unpkg.com/lightweight-charts@4.2.0/dist/lightweight-charts.standalone.production.js:6:24555)
    at gt (https://unpkg.com/lightweight-charts@4.2.0/dist/lightweight-charts.standalone.production.js:6:24390)
    at Cs (https://unpkg.com/lightweight-charts@4.2.0/dist/lightweight-charts.standalone.production.js:6:114569)
    at <anonymous> (https://unpkg.com/lightweight-charts@4.2.0/dist/lightweight-charts.standalone.production.js:6:126899)
    at br (https://unpkg.com/lightweight-charts@4.2.0/dist/lightweight-charts.standalone.production.js:6:127066)
    at Qf (https://unpkg.com/lightweight-charts@4.2.0/dist/lightweight-charts.standalone.production.js:6:125276)
    at $f (https://unpkg.com/lightweight-charts@4.2.0/dist/lightweight-charts.standalone.production.js:6:113659)
    at Gf (https://unpkg.com/lightweight-charts@4.2.0/dist/lightweight-charts.standalone.production.js:6:108846)
[   75251ms] Uncaught Error: Value is null
    at f (https://unpkg.com/lightweight-charts@4.2.0/dist/lightweight-charts.standalone.production.js:6:2212)
    at Candlestick (https://unpkg.com/lightweight-charts@4.2.0/dist/lightweight-charts.standalone.production.js:6:46283)
    at Hs (https://unpkg.com/lightweight-charts@4.2.0/dist/lightweight-charts.standalone.production.js:6:47531)
    at ne (https://unpkg.com/lightweight-charts@4.2.0/dist/lightweight-charts.standalone.production.js:6:30743)
    at <anonymous> (https://unpkg.com/lightweight-charts@4.2.0/dist/lightweight-charts.standalone.production.js:6:27092)
    at qs (https://unpkg.com/lightweight-charts@4.2.0/dist/lightweight-charts.standalone.production.js:6:27079)
    at Fs (https://unpkg.com/lightweight-charts@4.2.0/dist/lightweight-charts.standalone.production.js:6:24555)
    at gt (https://unpkg.com/lightweight-charts@4.2.0/dist/lightweight-charts.standalone.production.js:6:24390)
    at ms (https://unpkg.com/lightweight-charts@4.2.0/dist/lightweight-charts.standalone.production.js:6:107028)
    at gm (https://unpkg.com/lightweight-charts@4.2.0/dist/lightweight-charts.standalone.production.js:6:128830)
    at dm (https://unpkg.com/lightweight-charts@4.2.0/dist/lightweight-charts.standalone.production.js:6:128672)
    at fp (https://unpkg.com/lightweight-charts@4.2.0/dist/lightweight-charts.standalone.production.js:6:127898)
    at fp (https://unpkg.com/lightweight-charts@4.2.0/dist/lightweight-charts.standalone.production.js:6:140944)
    at pb (https://unpkg.com/lightweight-charts@4.2.0/dist/lightweight-charts.standalone.production.js:6:144421)
    at <anonymous> (https://unpkg.com/lightweight-charts@4.2.0/dist/lightweight-charts.standalone.production.js:6:144919)
[   75254ms] Uncaught Error: Value is null
    at f (https://unpkg.com/lightweight-charts@4.2.0/dist/lightweight-charts.standalone.production.js:6:2212)
    at Candlestick (https://unpkg.com/lightweight-charts@4.2.0/dist/lightweight-charts.standalone.production.js:6:46283)
    at Hs (https://unpkg.com/lightweight-charts@4.2.0/dist/lightweight-charts.standalone.production.js:6:47531)
    at ne (https://unpkg.com/lightweight-charts@4.2.0/dist/lightweight-charts.standalone.production.js:6:30743)
    at <anonymous> (https://unpkg.com/lightweight-charts@4.2.0/dist/lightweight-charts.standalone.production.js:6:27092)
    at qs (https://unpkg.com/lightweight-charts@4.2.0/dist/lightweight-charts.standalone.production.js:6:27079)
    at Fs (https://unpkg.com/lightweight-charts@4.2.0/dist/lightweight-charts.standalone.production.js:6:24555)
    at gt (https://unpkg.com/lightweight-charts@4.2.0/dist/lightweight-charts.standalone.production.js:6:24390)
    at Cs (https://unpkg.com/lightweight-charts@4.2.0/dist/lightweight-charts.standalone.production.js:6:114569)
    at <anonymous> (https://unpkg.com/lightweight-charts@4.2.0/dist/lightweight-charts.standalone.production.js:6:126899)
    at br (https://unpkg.com/lightweight-charts@4.2.0/dist/lightweight-charts.standalone.production.js:6:127066)
    at Qf (https://unpkg.com/lightweight-charts@4.2.0/dist/lightweight-charts.standalone.production.js:6:125276)
    at $f (https://unpkg.com/lightweight-charts@4.2.0/dist/lightweight-charts.standalone.production.js:6:113659)
    at Gf (https://unpkg.com/lightweight-charts@4.2.0/dist/lightweight-charts.standalone.production.js:6:108846)
[   75266ms] Uncaught Error: Value is null
    at f (https://unpkg.com/lightweight-charts@4.2.0/dist/lightweight-charts.standalone.production.js:6:2212)
    at Candlestick (https://unpkg.com/lightweight-charts@4.2.0/dist/lightweight-charts.standalone.production.js:6:46283)
    at Hs (https://unpkg.com/lightweight-charts@4.2.0/dist/lightweight-charts.standalone.production.js:6:47531)
    at ne (https://unpkg.com/lightweight-charts@4.2.0/dist/lightweight-charts.standalone.production.js:6:30743)
    at <anonymous> (https://unpkg.com/lightweight-charts@4.2.0/dist/lightweight-charts.standalone.production.js:6:27092)
    at qs (https://unpkg.com/lightweight-charts@4.2.0/dist/lightweight-charts.standalone.production.js:6:27079)
    at Fs (https://unpkg.com/lightweight-charts@4.2.0/dist/lightweight-charts.standalone.production.js:6:24555)
    at gt (https://unpkg.com/lightweight-charts@4.2.0/dist/lightweight-charts.standalone.production.js:6:24390)
    at Cs (https://unpkg.com/lightweight-charts@4.2.0/dist/lightweight-charts.standalone.production.js:6:114569)
    at <anonymous> (https://unpkg.com/lightweight-charts@4.2.0/dist/lightweight-charts.standalone.production.js:6:126899)
    at br (https://unpkg.com/lightweight-charts@4.2.0/dist/lightweight-charts.standalone.production.js:6:127066)
    at Qf (https://unpkg.com/lightweight-charts@4.2.0/dist/lightweight-charts.standalone.production.js:6:125276)
    at $f (https://unpkg.com/lightweight-charts@4.2.0/dist/lightweight-charts.standalone.production.js:6:113659)
    at Gf (https://unpkg.com/lightweight-charts@4.2.0/dist/lightweight-charts.standalone.production.js:6:108846)
[   75266ms] Uncaught Error: Value is null
    at f (https://unpkg.com/lightweight-charts@4.2.0/dist/lightweight-charts.standalone.production.js:6:2212)
    at Candlestick (https://unpkg.com/lightweight-charts@4.2.0/dist/lightweight-charts.standalone.production.js:6:46283)
    at Hs (https://unpkg.com/lightweight-charts@4.2.0/dist/lightweight-charts.standalone.production.js:6:47531)
    at ne (https://unpkg.com/lightweight-charts@4.2.0/dist/lightweight-charts.standalone.production.js:6:30743)
    at <anonymous> (https://unpkg.com/lightweight-charts@4.2.0/dist/lightweight-charts.standalone.production.js:6:27092)
    at qs (https://unpkg.com/lightweight-charts@4.2.0/dist/lightweight-charts.standalone.production.js:6:27079)
    at Fs (https://unpkg.com/lightweight-charts@4.2.0/dist/lightweight-charts.standalone.production.js:6:24555)
    at gt (https://unpkg.com/lightweight-charts@4.2.0/dist/lightweight-charts.standalone.production.js:6:24390)
    at Cs (https://unpkg.com/lightweight-charts@4.2.0/dist/lightweight-charts.standalone.production.js:6:114569)
    at <anonymous> (https://unpkg.com/lightweight-charts@4.2.0/dist/lightweight-charts.standalone.production.js:6:126899)
    at br (https://unpkg.com/lightweight-charts@4.2.0/dist/lightweight-charts.standalone.production.js:6:127066)
    at Qf (https://unpkg.com/lightweight-charts@4.2.0/dist/lightweight-charts.standalone.production.js:6:125276)
    at $f (https://unpkg.com/lightweight-charts@4.2.0/dist/lightweight-charts.standalone.production.js:6:113659)
    at Gf (https://unpkg.com/lightweight-charts@4.2.0/dist/lightweight-charts.standalone.production.js:6:108846)
[   75276ms] Uncaught Error: Value is null
    at f (https://unpkg.com/lightweight-charts@4.2.0/dist/lightweight-charts.standalone.production.js:6:2212)
    at Candlestick (https://unpkg.com/lightweight-charts@4.2.0/dist/lightweight-charts.standalone.production.js:6:46283)
    at Hs (https://unpkg.com/lightweight-charts@4.2.0/dist/lightweight-charts.standalone.production.js:6:47531)
    at ne (https://unpkg.com/lightweight-charts@4.2.0/dist/lightweight-charts.standalone.production.js:6:30743)
    at <anonymous> (https://unpkg.com/lightweight-charts@4.2.0/dist/lightweight-charts.standalone.production.js:6:27092)
    at qs (https://unpkg.com/lightweight-charts@4.2.0/dist/lightweight-charts.standalone.production.js:6:27079)
    at Fs (https://unpkg.com/lightweight-charts@4.2.0/dist/lightweight-charts.standalone.production.js:6:24555)
    at gt (https://unpkg.com/lightweight-charts@4.2.0/dist/lightweight-charts.standalone.production.js:6:24390)
    at Cs (https://unpkg.com/lightweight-charts@4.2.0/dist/lightweight-charts.standalone.production.js:6:114569)
    at <anonymous> (https://unpkg.com/lightweight-charts@4.2.0/dist/lightweight-charts.standalone.production.js:6:126899)
    at br (https://unpkg.com/lightweight-charts@4.2.0/dist/lightweight-charts.standalone.production.js:6:127066)
    at Qf (https://unpkg.com/lightweight-charts@4.2.0/dist/lightweight-charts.standalone.production.js:6:125276)
    at $f (https://unpkg.com/lightweight-charts@4.2.0/dist/lightweight-charts.standalone.production.js:6:113659)
    at Gf (https://unpkg.com/lightweight-charts@4.2.0/dist/lightweight-charts.standalone.production.js:6:108846)
[   75287ms] Uncaught Error: Value is null
    at f (https://unpkg.com/lightweight-charts@4.2.0/dist/lightweight-charts.standalone.production.js:6:2212)
    at Candlestick (https://unpkg.com/lightweight-charts@4.2.0/dist/lightweight-charts.standalone.production.js:6:46283)
    at Hs (https://unpkg.com/lightweight-charts@4.2.0/dist/lightweight-charts.standalone.production.js:6:47531)
    at ne (https://unpkg.com/lightweight-charts@4.2.0/dist/lightweight-charts.standalone.production.js:6:30743)
    at <anonymous> (https://unpkg.com/lightweight-charts@4.2.0/dist/lightweight-charts.standalone.production.js:6:27092)
    at qs (https://unpkg.com/lightweight-charts@4.2.0/dist/lightweight-charts.standalone.production.js:6:27079)
    at Fs (https://unpkg.com/lightweight-charts@4.2.0/dist/lightweight-charts.standalone.production.js:6:24555)
    at gt (https://unpkg.com/lightweight-charts@4.2.0/dist/lightweight-charts.standalone.production.js:6:24390)
    at Cs (https://unpkg.com/lightweight-charts@4.2.0/dist/lightweight-charts.standalone.production.js:6:114569)
    at <anonymous> (https://unpkg.com/lightweight-charts@4.2.0/dist/lightweight-charts.standalone.production.js:6:126899)
    at br (https://unpkg.com/lightweight-charts@4.2.0/dist/lightweight-charts.standalone.production.js:6:127066)
    at Qf (https://unpkg.com/lightweight-charts@4.2.0/dist/lightweight-charts.standalone.production.js:6:125276)
    at $f (https://unpkg.com/lightweight-charts@4.2.0/dist/lightweight-charts.standalone.production.js:6:113659)
    at Gf (https://unpkg.com/lightweight-charts@4.2.0/dist/lightweight-charts.standalone.production.js:6:108846)
[   84758ms] Uncaught Error: Value is null
    at f (https://unpkg.com/lightweight-charts@4.2.0/dist/lightweight-charts.standalone.production.js:6:2212)
    at Candlestick (https://unpkg.com/lightweight-charts@4.2.0/dist/lightweight-charts.standalone.production.js:6:46283)
    at Hs (https://unpkg.com/lightweight-charts@4.2.0/dist/lightweight-charts.standalone.production.js:6:47531)
    at ne (https://unpkg.com/lightweight-charts@4.2.0/dist/lightweight-charts.standalone.production.js:6:30743)
    at <anonymous> (https://unpkg.com/lightweight-charts@4.2.0/dist/lightweight-charts.standalone.production.js:6:27092)
    at qs (https://unpkg.com/lightweight-charts@4.2.0/dist/lightweight-charts.standalone.production.js:6:27079)
    at Fs (https://unpkg.com/lightweight-charts@4.2.0/dist/lightweight-charts.standalone.production.js:6:24555)
    at gt (https://unpkg.com/lightweight-charts@4.2.0/dist/lightweight-charts.standalone.production.js:6:24390)
    at Cs (https://unpkg.com/lightweight-charts@4.2.0/dist/lightweight-charts.standalone.production.js:6:114569)
    at <anonymous> (https://unpkg.com/lightweight-charts@4.2.0/dist/lightweight-charts.standalone.production.js:6:126899)
    at br (https://unpkg.com/lightweight-charts@4.2.0/dist/lightweight-charts.standalone.production.js:6:127066)
    at Qf (https://unpkg.com/lightweight-charts@4.2.0/dist/lightweight-charts.standalone.production.js:6:125276)
    at $f (https://unpkg.com/lightweight-charts@4.2.0/dist/lightweight-charts.standalone.production.js:6:113659)
    at Gf (https://unpkg.com/lightweight-charts@4.2.0/dist/lightweight-charts.standalone.production.js:6:108846)
[   84765ms] Uncaught Error: Value is null
    at f (https://unpkg.com/lightweight-charts@4.2.0/dist/lightweight-charts.standalone.production.js:6:2212)
    at Candlestick (https://unpkg.com/lightweight-charts@4.2.0/dist/lightweight-charts.standalone.production.js:6:46283)
    at Hs (https://unpkg.com/lightweight-charts@4.2.0/dist/lightweight-charts.standalone.production.js:6:47531)
    at ne (https://unpkg.com/lightweight-charts@4.2.0/dist/lightweight-charts.standalone.production.js:6:30743)
    at <anonymous> (https://unpkg.com/lightweight-charts@4.2.0/dist/lightweight-charts.standalone.production.js:6:27092)
    at qs (https://unpkg.com/lightweight-charts@4.2.0/dist/lightweight-charts.standalone.production.js:6:27079)
    at Fs (https://unpkg.com/lightweight-charts@4.2.0/dist/lightweight-charts.standalone.production.js:6:24555)
    at gt (https://unpkg.com/lightweight-charts@4.2.0/dist/lightweight-charts.standalone.production.js:6:24390)
    at Cs (https://unpkg.com/lightweight-charts@4.2.0/dist/lightweight-charts.standalone.production.js:6:114569)
    at <anonymous> (https://unpkg.com/lightweight-charts@4.2.0/dist/lightweight-charts.standalone.production.js:6:126899)
    at br (https://unpkg.com/lightweight-charts@4.2.0/dist/lightweight-charts.standalone.production.js:6:127066)
    at Qf (https://unpkg.com/lightweight-charts@4.2.0/dist/lightweight-charts.standalone.production.js:6:125276)
    at $f (https://unpkg.com/lightweight-charts@4.2.0/dist/lightweight-charts.standalone.production.js:6:113659)
    at Gf (https://unpkg.com/lightweight-charts@4.2.0/dist/lightweight-charts.standalone.production.js:6:108846)
[   84768ms] Uncaught Error: Value is null
    at f (https://unpkg.com/lightweight-charts@4.2.0/dist/lightweight-charts.standalone.production.js:6:2212)
    at Candlestick (https://unpkg.com/lightweight-charts@4.2.0/dist/lightweight-charts.standalone.production.js:6:46283)
    at Hs (https://unpkg.com/lightweight-charts@4.2.0/dist/lightweight-charts.standalone.production.js:6:47531)
    at ne (https://unpkg.com/lightweight-charts@4.2.0/dist/lightweight-charts.standalone.production.js:6:30743)
    at <anonymous> (https://unpkg.com/lightweight-charts@4.2.0/dist/lightweight-charts.standalone.production.js:6:27092)
    at qs (https://unpkg.com/lightweight-charts@4.2.0/dist/lightweight-charts.standalone.production.js:6:27079)
    at Fs (https://unpkg.com/lightweight-charts@4.2.0/dist/lightweight-charts.standalone.production.js:6:24555)
    at gt (https://unpkg.com/lightweight-charts@4.2.0/dist/lightweight-charts.standalone.production.js:6:24390)
    at Cs (https://unpkg.com/lightweight-charts@4.2.0/dist/lightweight-charts.standalone.production.js:6:114569)
    at <anonymous> (https://unpkg.com/lightweight-charts@4.2.0/dist/lightweight-charts.standalone.production.js:6:126899)
    at br (https://unpkg.com/lightweight-charts@4.2.0/dist/lightweight-charts.standalone.production.js:6:127066)
    at Qf (https://unpkg.com/lightweight-charts@4.2.0/dist/lightweight-charts.standalone.production.js:6:125276)
    at $f (https://unpkg.com/lightweight-charts@4.2.0/dist/lightweight-charts.standalone.production.js:6:113659)
    at Gf (https://unpkg.com/lightweight-charts@4.2.0/dist/lightweight-charts.standalone.production.js:6:108846)
[   84809ms] Uncaught Error: Value is null
    at f (https://unpkg.com/lightweight-charts@4.2.0/dist/lightweight-charts.standalone.production.js:6:2212)
    at Candlestick (https://unpkg.com/lightweight-charts@4.2.0/dist/lightweight-charts.standalone.production.js:6:46283)
    at Hs (https://unpkg.com/lightweight-charts@4.2.0/dist/lightweight-charts.standalone.production.js:6:47531)
    at ne (https://unpkg.com/lightweight-charts@4.2.0/dist/lightweight-charts.standalone.production.js:6:30743)
    at <anonymous> (https://unpkg.com/lightweight-charts@4.2.0/dist/lightweight-charts.standalone.production.js:6:27092)
    at qs (https://unpkg.com/lightweight-charts@4.2.0/dist/lightweight-charts.standalone.production.js:6:27079)
    at Fs (https://unpkg.com/lightweight-charts@4.2.0/dist/lightweight-charts.standalone.production.js:6:24555)
    at gt (https://unpkg.com/lightweight-charts@4.2.0/dist/lightweight-charts.standalone.production.js:6:24390)
    at Cs (https://unpkg.com/lightweight-charts@4.2.0/dist/lightweight-charts.standalone.production.js:6:114569)
    at <anonymous> (https://unpkg.com/lightweight-charts@4.2.0/dist/lightweight-charts.standalone.production.js:6:126899)
    at br (https://unpkg.com/lightweight-charts@4.2.0/dist/lightweight-charts.standalone.production.js:6:127066)
    at Qf (https://unpkg.com/lightweight-charts@4.2.0/dist/lightweight-charts.standalone.production.js:6:125276)
    at $f (https://unpkg.com/lightweight-charts@4.2.0/dist/lightweight-charts.standalone.production.js:6:113659)
    at Gf (https://unpkg.com/lightweight-charts@4.2.0/dist/lightweight-charts.standalone.production.js:6:108846)
[   84855ms] Uncaught Error: Value is null
    at f (https://unpkg.com/lightweight-charts@4.2.0/dist/lightweight-charts.standalone.production.js:6:2212)
    at Candlestick (https://unpkg.com/lightweight-charts@4.2.0/dist/lightweight-charts.standalone.production.js:6:46283)
    at Hs (https://unpkg.com/lightweight-charts@4.2.0/dist/lightweight-charts.standalone.production.js:6:47531)
    at ne (https://unpkg.com/lightweight-charts@4.2.0/dist/lightweight-charts.standalone.production.js:6:30743)
    at <anonymous> (https://unpkg.com/lightweight-charts@4.2.0/dist/lightweight-charts.standalone.production.js:6:27092)
    at qs (https://unpkg.com/lightweight-charts@4.2.0/dist/lightweight-charts.standalone.production.js:6:27079)
    at Fs (https://unpkg.com/lightweight-charts@4.2.0/dist/lightweight-charts.standalone.production.js:6:24555)
    at gt (https://unpkg.com/lightweight-charts@4.2.0/dist/lightweight-charts.standalone.production.js:6:24390)
    at Cs (https://unpkg.com/lightweight-charts@4.2.0/dist/lightweight-charts.standalone.production.js:6:114569)
    at <anonymous> (https://unpkg.com/lightweight-charts@4.2.0/dist/lightweight-charts.standalone.production.js:6:126899)
    at br (https://unpkg.com/lightweight-charts@4.2.0/dist/lightweight-charts.standalone.production.js:6:127066)
    at Qf (https://unpkg.com/lightweight-charts@4.2.0/dist/lightweight-charts.standalone.production.js:6:125276)
    at $f (https://unpkg.com/lightweight-charts@4.2.0/dist/lightweight-charts.standalone.production.js:6:113659)
    at Gf (https://unpkg.com/lightweight-charts@4.2.0/dist/lightweight-charts.standalone.production.js:6:108846)
[   97815ms] Uncaught Error: Value is null
    at f (https://unpkg.com/lightweight-charts@4.2.0/dist/lightweight-charts.standalone.production.js:6:2212)
    at Candlestick (https://unpkg.com/lightweight-charts@4.2.0/dist/lightweight-charts.standalone.production.js:6:46283)
    at Hs (https://unpkg.com/lightweight-charts@4.2.0/dist/lightweight-charts.standalone.production.js:6:47531)
    at ne (https://unpkg.com/lightweight-charts@4.2.0/dist/lightweight-charts.standalone.production.js:6:30743)
    at <anonymous> (https://unpkg.com/lightweight-charts@4.2.0/dist/lightweight-charts.standalone.production.js:6:27092)
    at qs (https://unpkg.com/lightweight-charts@4.2.0/dist/lightweight-charts.standalone.production.js:6:27079)
    at Fs (https://unpkg.com/lightweight-charts@4.2.0/dist/lightweight-charts.standalone.production.js:6:24555)
    at gt (https://unpkg.com/lightweight-charts@4.2.0/dist/lightweight-charts.standalone.production.js:6:24390)
    at ms (https://unpkg.com/lightweight-charts@4.2.0/dist/lightweight-charts.standalone.production.js:6:107028)
    at gm (https://unpkg.com/lightweight-charts@4.2.0/dist/lightweight-charts.standalone.production.js:6:128830)
    at dm (https://unpkg.com/lightweight-charts@4.2.0/dist/lightweight-charts.standalone.production.js:6:128672)
    at fp (https://unpkg.com/lightweight-charts@4.2.0/dist/lightweight-charts.standalone.production.js:6:127898)
    at fp (https://unpkg.com/lightweight-charts@4.2.0/dist/lightweight-charts.standalone.production.js:6:140944)
    at pb (https://unpkg.com/lightweight-charts@4.2.0/dist/lightweight-charts.standalone.production.js:6:144421)
    at <anonymous> (https://unpkg.com/lightweight-charts@4.2.0/dist/lightweight-charts.standalone.production.js:6:144919)
[   97825ms] Uncaught Error: Value is null
    at f (https://unpkg.com/lightweight-charts@4.2.0/dist/lightweight-charts.standalone.production.js:6:2212)
    at Line (https://unpkg.com/lightweight-charts@4.2.0/dist/lightweight-charts.standalone.production.js:6:47223)
    at Hs (https://unpkg.com/lightweight-charts@4.2.0/dist/lightweight-charts.standalone.production.js:6:47531)
    at ne (https://unpkg.com/lightweight-charts@4.2.0/dist/lightweight-charts.standalone.production.js:6:33452)
    at <anonymous> (https://unpkg.com/lightweight-charts@4.2.0/dist/lightweight-charts.standalone.production.js:6:25112)
    at qs (https://unpkg.com/lightweight-charts@4.2.0/dist/lightweight-charts.standalone.production.js:6:25075)
    at Fs (https://unpkg.com/lightweight-charts@4.2.0/dist/lightweight-charts.standalone.production.js:6:24555)
    at gt (https://unpkg.com/lightweight-charts@4.2.0/dist/lightweight-charts.standalone.production.js:6:24390)
    at ms (https://unpkg.com/lightweight-charts@4.2.0/dist/lightweight-charts.standalone.production.js:6:107028)
    at gm (https://unpkg.com/lightweight-charts@4.2.0/dist/lightweight-charts.standalone.production.js:6:128830)
    at dm (https://unpkg.com/lightweight-charts@4.2.0/dist/lightweight-charts.standalone.production.js:6:128672)
    at fp (https://unpkg.com/lightweight-charts@4.2.0/dist/lightweight-charts.standalone.production.js:6:127898)
    at fp (https://unpkg.com/lightweight-charts@4.2.0/dist/lightweight-charts.standalone.production.js:6:140944)
    at pb (https://unpkg.com/lightweight-charts@4.2.0/dist/lightweight-charts.standalone.production.js:6:144421)
    at <anonymous> (https://unpkg.com/lightweight-charts@4.2.0/dist/lightweight-charts.standalone.production.js:6:144919)
[   97867ms] Uncaught Error: Value is null
    at f (https://unpkg.com/lightweight-charts@4.2.0/dist/lightweight-charts.standalone.production.js:6:2212)
    at Candlestick (https://unpkg.com/lightweight-charts@4.2.0/dist/lightweight-charts.standalone.production.js:6:46283)
    at Hs (https://unpkg.com/lightweight-charts@4.2.0/dist/lightweight-charts.standalone.production.js:6:47531)
    at ne (https://unpkg.com/lightweight-charts@4.2.0/dist/lightweight-charts.standalone.production.js:6:30743)
    at <anonymous> (https://unpkg.com/lightweight-charts@4.2.0/dist/lightweight-charts.standalone.production.js:6:27092)
    at qs (https://unpkg.com/lightweight-charts@4.2.0/dist/lightweight-charts.standalone.production.js:6:27079)
    at Fs (https://unpkg.com/lightweight-charts@4.2.0/dist/lightweight-charts.standalone.production.js:6:24555)
    at gt (https://unpkg.com/lightweight-charts@4.2.0/dist/lightweight-charts.standalone.production.js:6:24390)
    at ms (https://unpkg.com/lightweight-charts@4.2.0/dist/lightweight-charts.standalone.production.js:6:107028)
    at gm (https://unpkg.com/lightweight-charts@4.2.0/dist/lightweight-charts.standalone.production.js:6:128830)
    at dm (https://unpkg.com/lightweight-charts@4.2.0/dist/lightweight-charts.standalone.production.js:6:128672)
    at fp (https://unpkg.com/lightweight-charts@4.2.0/dist/lightweight-charts.standalone.production.js:6:127898)
    at fp (https://unpkg.com/lightweight-charts@4.2.0/dist/lightweight-charts.standalone.production.js:6:140944)
    at pb (https://unpkg.com/lightweight-charts@4.2.0/dist/lightweight-charts.standalone.production.js:6:144421)
    at <anonymous> (https://unpkg.com/lightweight-charts@4.2.0/dist/lightweight-charts.standalone.production.js:6:144919)
[   97911ms] Uncaught Error: Value is null
    at f (https://unpkg.com/lightweight-charts@4.2.0/dist/lightweight-charts.standalone.production.js:6:2212)
    at Line (https://unpkg.com/lightweight-charts@4.2.0/dist/lightweight-charts.standalone.production.js:6:47223)
    at Hs (https://unpkg.com/lightweight-charts@4.2.0/dist/lightweight-charts.standalone.production.js:6:47531)
    at ne (https://unpkg.com/lightweight-charts@4.2.0/dist/lightweight-charts.standalone.production.js:6:33452)
    at <anonymous> (https://unpkg.com/lightweight-charts@4.2.0/dist/lightweight-charts.standalone.production.js:6:25112)
    at qs (https://unpkg.com/lightweight-charts@4.2.0/dist/lightweight-charts.standalone.production.js:6:25075)
    at Fs (https://unpkg.com/lightweight-charts@4.2.0/dist/lightweight-charts.standalone.production.js:6:24555)
    at gt (https://unpkg.com/lightweight-charts@4.2.0/dist/lightweight-charts.standalone.production.js:6:24390)
    at ms (https://unpkg.com/lightweight-charts@4.2.0/dist/lightweight-charts.standalone.production.js:6:107028)
    at gm (https://unpkg.com/lightweight-charts@4.2.0/dist/lightweight-charts.standalone.production.js:6:128830)
    at dm (https://unpkg.com/lightweight-charts@4.2.0/dist/lightweight-charts.standalone.production.js:6:128672)
    at fp (https://unpkg.com/lightweight-charts@4.2.0/dist/lightweight-charts.standalone.production.js:6:127898)
    at fp (https://unpkg.com/lightweight-charts@4.2.0/dist/lightweight-charts.standalone.production.js:6:140944)
    at pb (https://unpkg.com/lightweight-charts@4.2.0/dist/lightweight-charts.standalone.production.js:6:144421)
    at <anonymous> (https://unpkg.com/lightweight-charts@4.2.0/dist/lightweight-charts.standalone.production.js:6:144919)
[   97939ms] Uncaught Error: Value is null
    at f (https://unpkg.com/lightweight-charts@4.2.0/dist/lightweight-charts.standalone.production.js:6:2212)
    at Candlestick (https://unpkg.com/lightweight-charts@4.2.0/dist/lightweight-charts.standalone.production.js:6:46283)
    at Hs (https://unpkg.com/lightweight-charts@4.2.0/dist/lightweight-charts.standalone.production.js:6:47531)
    at ne (https://unpkg.com/lightweight-charts@4.2.0/dist/lightweight-charts.standalone.production.js:6:30743)
    at <anonymous> (https://unpkg.com/lightweight-charts@4.2.0/dist/lightweight-charts.standalone.production.js:6:27092)
    at qs (https://unpkg.com/lightweight-charts@4.2.0/dist/lightweight-charts.standalone.production.js:6:27079)
    at Fs (https://unpkg.com/lightweight-charts@4.2.0/dist/lightweight-charts.standalone.production.js:6:24555)
    at gt (https://unpkg.com/lightweight-charts@4.2.0/dist/lightweight-charts.standalone.production.js:6:24390)
    at ms (https://unpkg.com/lightweight-charts@4.2.0/dist/lightweight-charts.standalone.production.js:6:107028)
    at gm (https://unpkg.com/lightweight-charts@4.2.0/dist/lightweight-charts.standalone.production.js:6:128830)
    at dm (https://unpkg.com/lightweight-charts@4.2.0/dist/lightweight-charts.standalone.production.js:6:128672)
    at fp (https://unpkg.com/lightweight-charts@4.2.0/dist/lightweight-charts.standalone.production.js:6:127898)
    at fp (https://unpkg.com/lightweight-charts@4.2.0/dist/lightweight-charts.standalone.production.js:6:140944)
    at pb (https://unpkg.com/lightweight-charts@4.2.0/dist/lightweight-charts.standalone.production.js:6:144421)
    at <anonymous> (https://unpkg.com/lightweight-charts@4.2.0/dist/lightweight-charts.standalone.production.js:6:144919)
[  107092ms] Uncaught Error: Value is null
    at f (https://unpkg.com/lightweight-charts@4.2.0/dist/lightweight-charts.standalone.production.js:6:2212)
    at Candlestick (https://unpkg.com/lightweight-charts@4.2.0/dist/lightweight-charts.standalone.production.js:6:46283)
    at Hs (https://unpkg.com/lightweight-charts@4.2.0/dist/lightweight-charts.standalone.production.js:6:47531)
    at ne (https://unpkg.com/lightweight-charts@4.2.0/dist/lightweight-charts.standalone.production.js:6:30743)
    at <anonymous> (https://unpkg.com/lightweight-charts@4.2.0/dist/lightweight-charts.standalone.production.js:6:27092)
    at qs (https://unpkg.com/lightweight-charts@4.2.0/dist/lightweight-charts.standalone.production.js:6:27079)
    at Fs (https://unpkg.com/lightweight-charts@4.2.0/dist/lightweight-charts.standalone.production.js:6:24555)
    at gt (https://unpkg.com/lightweight-charts@4.2.0/dist/lightweight-charts.standalone.production.js:6:24390)
    at ms (https://unpkg.com/lightweight-charts@4.2.0/dist/lightweight-charts.standalone.production.js:6:107028)
    at gm (https://unpkg.com/lightweight-charts@4.2.0/dist/lightweight-charts.standalone.production.js:6:128830)
    at dm (https://unpkg.com/lightweight-charts@4.2.0/dist/lightweight-charts.standalone.production.js:6:128672)
    at fp (https://unpkg.com/lightweight-charts@4.2.0/dist/lightweight-charts.standalone.production.js:6:127898)
    at fp (https://unpkg.com/lightweight-charts@4.2.0/dist/lightweight-charts.standalone.production.js:6:140944)
    at pb (https://unpkg.com/lightweight-charts@4.2.0/dist/lightweight-charts.standalone.production.js:6:144421)
    at <anonymous> (https://unpkg.com/lightweight-charts@4.2.0/dist/lightweight-charts.standalone.production.js:6:144919)
[  107095ms] Uncaught Error: Value is null
    at f (https://unpkg.com/lightweight-charts@4.2.0/dist/lightweight-charts.standalone.production.js:6:2212)
    at Candlestick (https://unpkg.com/lightweight-charts@4.2.0/dist/lightweight-charts.standalone.production.js:6:46283)
    at Hs (https://unpkg.com/lightweight-charts@4.2.0/dist/lightweight-charts.standalone.production.js:6:47531)
    at ne (https://unpkg.com/lightweight-charts@4.2.0/dist/lightweight-charts.standalone.production.js:6:30743)
    at <anonymous> (https://unpkg.com/lightweight-charts@4.2.0/dist/lightweight-charts.standalone.production.js:6:27092)
    at qs (https://unpkg.com/lightweight-charts@4.2.0/dist/lightweight-charts.standalone.production.js:6:27079)
    at Fs (https://unpkg.com/lightweight-charts@4.2.0/dist/lightweight-charts.standalone.production.js:6:24555)
    at gt (https://unpkg.com/lightweight-charts@4.2.0/dist/lightweight-charts.standalone.production.js:6:24390)
    at ms (https://unpkg.com/lightweight-charts@4.2.0/dist/lightweight-charts.standalone.production.js:6:107028)
    at gm (https://unpkg.com/lightweight-charts@4.2.0/dist/lightweight-charts.standalone.production.js:6:128830)
    at dm (https://unpkg.com/lightweight-charts@4.2.0/dist/lightweight-charts.standalone.production.js:6:128672)
    at fp (https://unpkg.com/lightweight-charts@4.2.0/dist/lightweight-charts.standalone.production.js:6:127898)
    at fp (https://unpkg.com/lightweight-charts@4.2.0/dist/lightweight-charts.standalone.production.js:6:140944)
    at pb (https://unpkg.com/lightweight-charts@4.2.0/dist/lightweight-charts.standalone.production.js:6:144421)
    at <anonymous> (https://unpkg.com/lightweight-charts@4.2.0/dist/lightweight-charts.standalone.production.js:6:144919)
